#-----------------------------------------------------------
# Vivado v2024.2 (64-bit)
# SW Build 5239630 on Fri Nov 08 22:34:34 MST 2024
# IP Build 5239520 on Sun Nov 10 16:12:51 MST 2024
# SharedData Build 5239561 on Fri Nov 08 14:39:27 MST 2024
# Start of session at: Tue Jul 15 16:29:16 2025
# Process ID         : 114190
# Current directory  : /home/nehaal-raj/Downloads/please/adc_characterization_fin/adc_characterization_fin.runs/system_ACC_0_0_synth_1
# Command line       : vivado -log system_ACC_0_0.vds -product Vivado -mode batch -messageDb vivado.pb -notrace -source system_ACC_0_0.tcl
# Log file           : /home/nehaal-raj/Downloads/please/adc_characterization_fin/adc_characterization_fin.runs/system_ACC_0_0_synth_1/system_ACC_0_0.vds
# Journal file       : /home/nehaal-raj/Downloads/please/adc_characterization_fin/adc_characterization_fin.runs/system_ACC_0_0_synth_1/vivado.jou
# Running On         : nehaal-raj-Inspiron-15-5518
# Platform           : Ubuntu
# Operating System   : Ubuntu 24.04.2 LTS
# Processor Detail   : 11th Gen Intel(R) Core(TM) i5-11320H @ 3.20GHz
# CPU Frequency      : 3798.400 MHz
# CPU Physical cores : 4
# CPU Logical cores  : 8
# Host memory        : 16500 MB
# Swap memory        : 4294 MB
# Total Virtual      : 20795 MB
# Available Virtual  : 12465 MB
#-----------------------------------------------------------
source system_ACC_0_0.tcl -notrace
